
> out-out@0.0.1 build
> astro build

[2m٠١:٣٢:٥٢[22m [34m[@astrojs/node][39m Enabling sessions with filesystem storage
[2m٠١:٣٢:٥٢[22m [34m[content][39m Syncing content
[2m٠١:٣٢:٥٢[22m [34m[content][39m Synced content
[2m٠١:٣٢:٥٢[22m [34m[types][39m Generated [2m53ms[22m
[2m٠١:٣٢:٥٢[22m [34m[build][39m output: [34m"server"[39m
[2m٠١:٣٢:٥٢[22m [34m[build][39m mode: [34m"server"[39m
[2m٠١:٣٢:٥٢[22m [34m[build][39m directory: [34mC:\Users\ENJAZ\.gemini\antigravity\scratch\eleman\dist\[39m
[2m٠١:٣٢:٥٢[22m [34m[build][39m adapter: [32m@astrojs/node[39m
[2m٠١:٣٢:٥٢[22m [34m[build][39m Collecting build info...
[2m٠١:٣٢:٥٢[22m [34m[build][39m [32m✓ Completed in 150ms.[39m
[2m٠١:٣٢:٥٢[22m [34m[build][39m Building server entrypoints...
[33m[1m٠١:٣٢:٥٤[22m [WARN] [vite][39m [33m[vite:css][postcss] @import must precede all other statements (besides @charset or empty @layer)
83 |  .form-group input, .form-group select, .form-group textarea { width: 100%; padding: 0.8rem; border: 1px solid #ccc; border-radius: 8px; font-size: 1rem; background-color: #fff; }
84 |  
85 |  @import url('https://fonts.googleapis.com/icon?family=Material+Icons');
   |  ^^^^^^^^^^^^^^^^^^^^^^^^^^^^^^^^^^^^^^^^^^^^^^^^^^^^^^^^^^^^^^^^^^^^^^^
86 |  @media (max-width: 768px) {
87 |      .agreements-grid { grid-template-columns: 1fr; }[39m
[2m٠١:٣٢:٥٥[22m [34m[vite][39m [32m✓ built in 2.82s[39m
[2m٠١:٣٢:٥٥[22m [34m[build][39m [32m✓ Completed in 2.85s.[39m

[42m[30m building client (vite) [39m[49m
[2m٠١:٣٢:٥٥[22m [34m[vite][39m transforming...
[2m٠١:٣٢:٥٥[22m [34m[vite][39m [32m✓[39m 14 modules transformed.
[31m[1m٠١:٣٢:٥٥[22m [ERROR] [vite][39m [31m✗[39m Build failed in 61ms
Unexpected end of file
  [1mLocation:[22m
    [4mC:/Users/ENJAZ/.gemini/antigravity/scratch/eleman/src/pages/crs/projects/[id]/agreements.astro?astro&type=script&index=0&lang.ts:376:169060[24m
  [1mStack trace:[22m
[2m    at failureErrorWithLog (C:\Users\ENJAZ\.gemini\antigravity\scratch\eleman\node_modules\astro\node_modules\vite\node_modules\esbuild\lib\main.js:1467:15)
    at responseCallbacks.<computed> (C:\Users\ENJAZ\.gemini\antigravity\scratch\eleman\node_modules\astro\node_modules\vite\node_modules\esbuild\lib\main.js:603:9)
    at Socket.readFromStdout (C:\Users\ENJAZ\.gemini\antigravity\scratch\eleman\node_modules\astro\node_modules\vite\node_modules\esbuild\lib\main.js:581:7)
    at addChunk (node:internal/streams/readable:563:12)
    at Readable.push (node:internal/streams/readable:394:5)[22m
